// Jest Snapshot v1, https://goo.gl/fbAQLP

exports[`renders about page 1`] = `[Function]`;
