// Jest Snapshot v1, https://goo.gl/fbAQLP

exports[`renders default layout 1`] = `[Function]`;
